Oct 22 19:06:35 master1 kernel: [   19.350694] loop3: detected capacity change from 0 to 8
Oct 22 19:06:35 master1 systemd[1]: tmp-syscheck\x2dmountpoint\x2d1966865458.mount: Deactivated successfully.
Oct 22 19:06:35 master1 snapd[961]: daemon.go:340: adjusting startup timeout by 45s (pessimistic estimate of 30s plus 5s per snap)
Oct 22 19:06:35 master1 systemd[1]: Started Snap Daemon.
Oct 22 19:06:35 master1 systemd[1]: Starting Wait until snapd is fully seeded...
Oct 22 19:06:35 master1 systemd[1]: Started snap.lxd.hook.install.475c659e-9952-4fab-a761-d87d1e9bd465.scope.
Oct 22 19:06:36 master1 systemd[1]: tmp-snap.rootfs_VM5N5w.mount: Deactivated successfully.
Oct 22 19:06:36 master1 systemd[1]: snap.lxd.hook.install.475c659e-9952-4fab-a761-d87d1e9bd465.scope: Deactivated successfully.
Oct 22 19:06:36 master1 systemd[1]: Reloading.
Oct 22 19:06:36 master1 systemd[1]: Listening on Socket unix for snap application lxd.user-daemon.
Oct 22 19:06:36 master1 systemd[1]: Listening on Socket unix for snap application lxd.daemon.
Oct 22 19:06:36 master1 systemd[1]: Starting Service for snap application lxd.activate...
Oct 22 19:06:36 master1 lxd.activate[1156]: => Starting LXD activation
Oct 22 19:06:36 master1 lxd.activate[1156]: ==> Creating missing snap configuration
Oct 22 19:06:37 master1 lxd.activate[1156]: ==> Loading snap configuration
Oct 22 19:06:37 master1 lxd.activate[1156]: ==> Checking for socket activation support
Oct 22 19:06:37 master1 lxd.activate[1156]: ==> Creating "lxd" user
Oct 22 19:06:37 master1 lxd.activate[1156]: ==> Setting LXD socket ownership
Oct 22 19:06:37 master1 lxd.activate[1156]: ==> Setting LXD user socket ownership
Oct 22 19:06:37 master1 lxd.activate[1156]: ==> LXD never started on this system, no need to start it now
Oct 22 19:06:37 master1 systemd[1]: snap.lxd.activate.service: Deactivated successfully.
Oct 22 19:06:37 master1 systemd[1]: Finished Service for snap application lxd.activate.
Oct 22 19:06:37 master1 systemd[1]: Started snap.lxd.hook.configure.55aecae4-a053-4ea2-8a75-9387a981529f.scope.
Oct 22 19:06:37 master1 systemd[1]: snap.lxd.hook.configure.55aecae4-a053-4ea2-8a75-9387a981529f.scope: Deactivated successfully.
Oct 22 19:06:37 master1 ModemManager[999]: <info>  [base-manager] couldn't check support for device '/sys/devices/pci0000:00/0000:00:11.0/0000:02:01.0': not supported by any plugin
Oct 22 19:06:37 master1 dbus-daemon[949]: [system] Activating via systemd: service name='org.freedesktop.timedate1' unit='dbus-org.freedesktop.timedate1.service' requested by ':1.13' (uid=0 pid=961 comm="/usr/lib/snapd/snapd " label="unconfined")
Oct 22 19:06:37 master1 systemd[1]: Starting Time & Date Service...
Oct 22 19:06:37 master1 dbus-daemon[949]: [system] Successfully activated service 'org.freedesktop.timedate1'
Oct 22 19:06:37 master1 systemd[1]: Started Time & Date Service.
Oct 22 19:06:37 master1 pollinate[959]: client verified challenge/response with [https://entropy.ubuntu.com/]
Oct 22 19:06:37 master1 pollinate[959]: client hashed response from [https://entropy.ubuntu.com/]
Oct 22 19:06:37 master1 pollinate[959]: client successfully seeded [/dev/urandom]
Oct 22 19:06:37 master1 systemd[1]: pollinate.service: Deactivated successfully.
Oct 22 19:06:37 master1 systemd[1]: Finished Pollinate to seed the pseudo random number generator.
Oct 22 19:06:37 master1 systemd[1]: Starting OpenBSD Secure Shell server...
Oct 22 19:06:37 master1 systemd[1]: Started OpenBSD Secure Shell server.
Oct 22 19:06:39 master1 systemd[1]: dmesg.service: Deactivated successfully.
Oct 22 19:06:40 master1 multipathd[540]: sda: triggering change event to reinitialize
Oct 22 19:06:40 master1 multipath: sda: failed to get sysfs uid: Invalid argument
Oct 22 19:06:40 master1 multipath: sda: failed to get sgio uid: No such file or directory
Oct 22 19:06:40 master1 multipathd[540]: sda: failed to get udev uid: No data available
Oct 22 19:06:40 master1 multipathd[540]: sda: failed to get path uid
Oct 22 19:06:40 master1 multipathd[540]: uevent trigger error
Oct 22 19:06:47 master1 systemd-resolved[917]: Using degraded feature set UDP instead of UDP+EDNS0 for DNS server 192.168.174.2.
Oct 22 19:06:50 master1 multipathd[540]: sda: triggering change event to reinitialize
Oct 22 19:06:50 master1 multipath: sda: failed to get sysfs uid: Invalid argument
Oct 22 19:06:50 master1 multipath: sda: failed to get sgio uid: No such file or directory
Oct 22 19:06:51 master1 multipathd[540]: sda: failed to get udev uid: No data available
Oct 22 19:06:51 master1 multipathd[540]: sda: failed to get path uid
Oct 22 19:06:51 master1 multipathd[540]: uevent trigger error
Oct 22 19:06:51 master1 systemd[1]: Finished Wait until snapd is fully seeded.
Oct 22 19:06:51 master1 systemd[1]: Starting Apply the settings specified in cloud-config...
Oct 22 19:06:51 master1 systemd[1]: Condition check resulted in Auto import assertions from block devices being skipped.
Oct 22 19:06:51 master1 cloud-init[1523]: Cloud-init v. 22.2-0ubuntu1~22.04.3 running 'modules:config' at Tue, 22 Oct 2024 19:06:51 +0000. Up 35.05 seconds.
Oct 22 19:06:51 master1 cloud-init[1523]: Generating locales (this might take a while)...
Oct 22 19:06:53 master1 cloud-init[1523]:   en_US.UTF-8... done
Oct 22 19:06:53 master1 cloud-init[1523]: Generation complete.
Oct 22 19:06:53 master1 systemd[1]: Stopping OpenBSD Secure Shell server...
Oct 22 19:06:53 master1 systemd[1]: ssh.service: Deactivated successfully.
Oct 22 19:06:53 master1 systemd[1]: Stopped OpenBSD Secure Shell server.
Oct 22 19:06:53 master1 systemd[1]: Starting OpenBSD Secure Shell server...
Oct 22 19:06:53 master1 systemd[1]: Started OpenBSD Secure Shell server.
Oct 22 19:06:53 master1 systemd[1]: Finished Apply the settings specified in cloud-config.
Oct 22 19:06:53 master1 systemd[1]: Condition check resulted in Ubuntu Advantage GCP Auto Attach Daemon being skipped.
Oct 22 19:06:53 master1 systemd[1]: Reached target Multi-User System.
Oct 22 19:06:53 master1 systemd[1]: Reached target Graphical Interface.
Oct 22 19:06:53 master1 systemd[1]: Starting Execute cloud user/final scripts...
Oct 22 19:06:53 master1 systemd[1]: Starting Record Runlevel Change in UTMP...
Oct 22 19:06:53 master1 systemd[1]: systemd-update-utmp-runlevel.service: Deactivated successfully.
Oct 22 19:06:53 master1 systemd[1]: Finished Record Runlevel Change in UTMP.
Oct 22 19:06:54 master1 cloud-init[1564]: Cloud-init v. 22.2-0ubuntu1~22.04.3 running 'modules:final' at Tue, 22 Oct 2024 19:06:53 +0000. Up 37.61 seconds.
Oct 22 19:06:54 master1 cloud-init: #############################################################
Oct 22 19:06:54 master1 cloud-init: -----BEGIN SSH HOST KEY FINGERPRINTS-----
Oct 22 19:06:54 master1 cloud-init: 1024 SHA256:DsLII7Xl0A5T9Ah/zL1aezexYSLlB4NFKJDfWxmrw+U root@master1 (DSA)
Oct 22 19:06:54 master1 cloud-init: 256 SHA256:PAe5HP0oVRz/RPGykdaNYwPuBVJhjFNJl7p/e3vBtY4 root@master1 (ECDSA)
Oct 22 19:06:54 master1 cloud-init: 256 SHA256:q496D3e+joVCAXAevg7Yg+B5r692wUFSntFMblFtGpc root@master1 (ED25519)
Oct 22 19:06:54 master1 cloud-init: 3072 SHA256:yXv3JYuyodXg+Fgk5OpJKUvcswM2EoMPua/N6NPMYjs root@master1 (RSA)
Oct 22 19:06:54 master1 cloud-init: -----END SSH HOST KEY FINGERPRINTS-----
Oct 22 19:06:54 master1 cloud-init: #############################################################
Oct 22 19:06:54 master1 cloud-init[1564]: Cloud-init v. 22.2-0ubuntu1~22.04.3 finished at Tue, 22 Oct 2024 19:06:54 +0000. Datasource DataSourceNone.  Up 37.77 seconds
Oct 22 19:06:54 master1 cloud-init[1564]: 2024-10-22 19:06:54,143 - cc_final_message.py[WARNING]: Used fallback datasource
Oct 22 19:06:54 master1 systemd[1]: Finished Execute cloud user/final scripts.
Oct 22 19:06:54 master1 systemd[1]: Reached target Cloud-init target.
Oct 22 19:06:54 master1 systemd[1]: Startup finished in 11.869s (kernel) + 25.960s (userspace) = 37.830s.
Oct 22 19:07:00 master1 systemd[1]: systemd-fsckd.service: Deactivated successfully.
Oct 22 19:07:00 master1 multipathd[540]: sda: triggering change event to reinitialize
Oct 22 19:07:00 master1 multipath: sda: failed to get sysfs uid: Invalid argument
Oct 22 19:07:00 master1 multipath: sda: failed to get sgio uid: No such file or directory
Oct 22 19:07:01 master1 multipathd[540]: sda: failed to get sysfs uid: Invalid argument
Oct 22 19:07:01 master1 multipathd[540]: sda: failed to get sgio uid: No such file or directory
Oct 22 19:07:01 master1 multipathd[540]: sda: failed to get path uid
Oct 22 19:07:01 master1 multipathd[540]: uevent trigger error
Oct 22 12:07:02 master1 systemd-resolved[917]: Clock change detected. Flushing caches.
Oct 22 12:07:02 master1 systemd-timesyncd[657]: Initial synchronization to time server 185.125.190.57:123 (ntp.ubuntu.com).
Oct 22 12:07:09 master1 multipathd[540]: sda: not initialized after 3 udev retriggers
Oct 22 12:07:10 master1 multipathd[540]: sda: add missing path
Oct 22 12:07:10 master1 multipathd[540]: sda: failed to get sysfs uid: Invalid argument
Oct 22 12:07:10 master1 multipathd[540]: sda: failed to get sgio uid: No such file or directory
Oct 22 12:07:10 master1 multipathd[540]: sda: no WWID in state "undef
Oct 22 12:07:10 master1 multipathd[540]: ", giving up
Oct 22 12:07:10 master1 multipathd[540]: sda: check_path() failed, removing
Oct 22 12:07:23 master1 systemd[1]: systemd-timedated.service: Deactivated successfully.
Oct 22 12:11:34 master1 systemd[1]: Starting Download data for packages that failed at package install time...
Oct 22 12:11:34 master1 systemd[1]: update-notifier-download.service: Deactivated successfully.
Oct 22 12:11:34 master1 systemd[1]: Finished Download data for packages that failed at package install time.
Oct 22 12:11:41 master1 systemd[1]: Created slice User Slice of UID 1000.
Oct 22 12:11:41 master1 systemd[1]: Starting User Runtime Directory /run/user/1000...
Oct 22 12:11:41 master1 systemd[1]: Finished User Runtime Directory /run/user/1000.
Oct 22 12:11:41 master1 systemd[1]: Starting User Manager for UID 1000...
Oct 22 12:11:41 master1 systemd[1690]: Queued start job for default target Main User Target.
Oct 22 12:11:41 master1 systemd[1690]: Created slice User Application Slice.
Oct 22 12:11:41 master1 systemd[1690]: Reached target Paths.
Oct 22 12:11:41 master1 systemd[1690]: Reached target Timers.
Oct 22 12:11:41 master1 systemd[1690]: Starting D-Bus User Message Bus Socket...
Oct 22 12:11:41 master1 systemd[1690]: Listening on GnuPG network certificate management daemon.
Oct 22 12:11:41 master1 systemd[1690]: Listening on GnuPG cryptographic agent and passphrase cache (access for web browsers).
Oct 22 12:11:41 master1 systemd[1690]: Listening on GnuPG cryptographic agent and passphrase cache (restricted).
Oct 22 12:11:41 master1 systemd[1690]: Listening on GnuPG cryptographic agent (ssh-agent emulation).
Oct 22 12:11:41 master1 systemd[1690]: Listening on GnuPG cryptographic agent and passphrase cache.
Oct 22 12:11:41 master1 systemd[1690]: Listening on debconf communication socket.
Oct 22 12:11:41 master1 systemd[1690]: Listening on REST API socket for snapd user session agent.
Oct 22 12:11:41 master1 systemd[1690]: Listening on D-Bus User Message Bus Socket.
Oct 22 12:11:41 master1 systemd[1690]: Reached target Sockets.
Oct 22 12:11:41 master1 systemd[1690]: Reached target Basic System.
Oct 22 12:11:41 master1 systemd[1]: Started User Manager for UID 1000.
Oct 22 12:11:41 master1 systemd[1690]: Reached target Main User Target.
Oct 22 12:11:41 master1 systemd[1690]: Startup finished in 101ms.
Oct 22 12:11:41 master1 systemd[1]: Started Session 1 of User donny.
Oct 22 12:11:53 master1 dbus-daemon[949]: [system] Activating via systemd: service name='org.freedesktop.timedate1' unit='dbus-org.freedesktop.timedate1.service' requested by ':1.13' (uid=0 pid=961 comm="/usr/lib/snapd/snapd " label="unconfined")
Oct 22 12:11:53 master1 systemd[1]: Starting Time & Date Service...
Oct 22 12:11:53 master1 dbus-daemon[949]: [system] Successfully activated service 'org.freedesktop.timedate1'
Oct 22 12:11:53 master1 systemd[1]: Started Time & Date Service.
Oct 22 12:12:23 master1 systemd[1]: systemd-timedated.service: Deactivated successfully.
Oct 22 12:17:01 master1 CRON[1740]: (root) CMD (   cd / && run-parts --report /etc/cron.hourly)
Oct 22 12:21:32 master1 systemd[1]: Starting Cleanup of Temporary Directories...
Oct 22 12:21:32 master1 systemd[1]: systemd-tmpfiles-clean.service: Deactivated successfully.
Oct 22 12:21:32 master1 systemd[1]: Finished Cleanup of Temporary Directories.
Oct 22 12:35:36 master1 systemd[1]: Starting Ubuntu Advantage Timer for running repeated jobs...
Oct 22 12:35:36 master1 systemd[1]: ua-timer.service: Deactivated successfully.
Oct 22 12:35:36 master1 systemd[1]: Finished Ubuntu Advantage Timer for running repeated jobs.
Oct 22 12:42:06 master1 kernel: [ 2151.227580] e1000: ens33 NIC Link is Down
Oct 22 12:42:06 master1 systemd-networkd[914]: ens33: Lost carrier
Oct 22 12:42:06 master1 systemd-networkd[914]: ens33: DHCP lease lost
Oct 22 12:42:06 master1 systemd-networkd[914]: ens33: DHCPv6 lease lost
Oct 22 12:42:06 master1 systemd-timesyncd[657]: No network connectivity, watching for changes.
Oct 22 12:42:12 master1 kernel: [ 2157.276265] e1000: ens33 NIC Link is Up 1000 Mbps Full Duplex, Flow Control: None
Oct 22 12:42:12 master1 systemd-networkd[914]: ens33: Gained carrier
Oct 22 12:42:12 master1 systemd-timesyncd[657]: Network configuration changed, trying to establish connection.
Oct 22 12:42:12 master1 systemd-networkd[914]: ens33: DHCPv4 address 192.168.174.132/24 via 192.168.174.2
Oct 22 12:42:12 master1 systemd-timesyncd[657]: Network configuration changed, trying to establish connection.
Oct 22 12:42:12 master1 systemd-timesyncd[657]: Initial synchronization to time server 185.125.190.57:123 (ntp.ubuntu.com).
Oct 22 12:42:34 master1 systemd-networkd[914]: ens33: Lost carrier
Oct 22 12:42:34 master1 systemd-networkd[914]: ens33: DHCP lease lost
Oct 22 12:42:34 master1 kernel: [ 2179.451210] e1000: ens33 NIC Link is Down
Oct 22 12:42:34 master1 systemd-networkd[914]: ens33: DHCPv6 lease lost
Oct 22 12:42:34 master1 systemd-timesyncd[657]: No network connectivity, watching for changes.
Oct 22 12:42:40 master1 kernel: [ 2185.499953] e1000: ens33 NIC Link is Up 1000 Mbps Full Duplex, Flow Control: None
Oct 22 12:42:40 master1 systemd-networkd[914]: ens33: Gained carrier
Oct 22 12:42:40 master1 systemd-timesyncd[657]: Network configuration changed, trying to establish connection.
Oct 22 12:42:41 master1 systemd-networkd[914]: ens33: DHCPv4 address 192.168.189.50/24
Oct 22 12:42:41 master1 systemd-timesyncd[657]: Network configuration changed, trying to establish connection.
Oct 22 12:42:45 master1 dhclient[1772]: DHCPDISCOVER on ens33 to 255.255.255.255 port 67 interval 3 (xid=0xcee68e07)
Oct 22 12:42:45 master1 dhclient[1772]: DHCPOFFER of 192.168.189.50 from 192.168.189.100
Oct 22 12:42:45 master1 dhclient[1772]: DHCPREQUEST for 192.168.189.50 on ens33 to 255.255.255.255 port 67 (xid=0x78ee6ce)
Oct 22 12:42:45 master1 dhclient[1772]: DHCPACK of 192.168.189.50 from 192.168.189.100 (xid=0xcee68e07)
Oct 22 12:42:45 master1 dhclient[1772]: bound to 192.168.189.50 -- renewal in 772 seconds.
Oct 22 12:42:51 master1 systemd-resolved[917]: Using degraded feature set UDP instead of UDP+EDNS0 for DNS server 192.168.189.1.
Oct 22 12:42:56 master1 systemd-resolved[917]: Using degraded feature set TCP instead of UDP for DNS server 192.168.189.1.
Oct 22 12:43:27 master1 systemd-resolved[917]: Using degraded feature set UDP instead of TCP for DNS server 192.168.189.1.
Oct 22 12:43:32 master1 systemd-resolved[917]: Using degraded feature set TCP instead of UDP for DNS server 192.168.189.1.
Oct 22 12:44:03 master1 systemd-resolved[917]: Using degraded feature set UDP instead of TCP for DNS server 192.168.189.1.
Oct 22 12:44:08 master1 systemd-resolved[917]: Using degraded feature set TCP instead of UDP for DNS server 192.168.189.1.
Oct 22 12:44:17 master1 systemd-resolved[917]: Using degraded feature set UDP instead of TCP for DNS server 192.168.189.1.
Oct 22 12:45:07 master1 dhclient[1823]: DHCPREQUEST for 192.168.189.50 on ens33 to 255.255.255.255 port 67 (xid=0x5ca3e7e2)
Oct 22 12:45:14 master1 dhclient[1823]: message repeated 2 times: [ DHCPREQUEST for 192.168.189.50 on ens33 to 255.255.255.255 port 67 (xid=0x5ca3e7e2)]
Oct 22 12:45:22 master1 dhclient[1823]: DHCPDISCOVER on ens33 to 255.255.255.255 port 67 interval 3 (xid=0x5536a006)
Oct 22 12:45:25 master1 dhclient[1823]: DHCPDISCOVER on ens33 to 255.255.255.255 port 67 interval 6 (xid=0x5536a006)
Oct 22 12:45:31 master1 dhclient[1823]: DHCPDISCOVER on ens33 to 255.255.255.255 port 67 interval 6 (xid=0x5536a006)
Oct 22 12:45:37 master1 dhclient[1823]: DHCPDISCOVER on ens33 to 255.255.255.255 port 67 interval 15 (xid=0x5536a006)
Oct 22 12:45:52 master1 dhclient[1823]: DHCPDISCOVER on ens33 to 255.255.255.255 port 67 interval 11 (xid=0x5536a006)
Oct 22 12:46:03 master1 dhclient[1823]: DHCPDISCOVER on ens33 to 255.255.255.255 port 67 interval 9 (xid=0x5536a006)
Oct 22 12:46:12 master1 dhclient[1823]: DHCPDISCOVER on ens33 to 255.255.255.255 port 67 interval 8 (xid=0x5536a006)
Oct 22 12:46:20 master1 dhclient[1823]: DHCPDISCOVER on ens33 to 255.255.255.255 port 67 interval 13 (xid=0x5536a006)
Oct 22 12:46:33 master1 dhclient[1823]: DHCPDISCOVER on ens33 to 255.255.255.255 port 67 interval 13 (xid=0x5536a006)
Oct 22 12:46:46 master1 dhclient[1823]: DHCPDISCOVER on ens33 to 255.255.255.255 port 67 interval 11 (xid=0x5536a006)
Oct 22 12:46:57 master1 dhclient[1823]: DHCPDISCOVER on ens33 to 255.255.255.255 port 67 interval 16 (xid=0x5536a006)
Oct 22 12:47:13 master1 dhclient[1823]: DHCPDISCOVER on ens33 to 255.255.255.255 port 67 interval 9 (xid=0x5536a006)
Oct 22 12:47:22 master1 dhclient[1823]: DHCPDISCOVER on ens33 to 255.255.255.255 port 67 interval 10 (xid=0x5536a006)
Oct 22 12:47:32 master1 dhclient[1823]: DHCPDISCOVER on ens33 to 255.255.255.255 port 67 interval 9 (xid=0x5536a006)
Oct 22 12:47:41 master1 dhclient[1823]: DHCPDISCOVER on ens33 to 255.255.255.255 port 67 interval 7 (xid=0x5536a006)
Oct 22 12:47:48 master1 dhclient[1823]: DHCPDISCOVER on ens33 to 255.255.255.255 port 67 interval 7 (xid=0x5536a006)
Oct 22 12:47:55 master1 dhclient[1823]: DHCPDISCOVER on ens33 to 255.255.255.255 port 67 interval 8 (xid=0x5536a006)
Oct 22 12:48:03 master1 dhclient[1823]: DHCPDISCOVER on ens33 to 255.255.255.255 port 67 interval 9 (xid=0x5536a006)
Oct 22 12:48:12 master1 dhclient[1823]: DHCPDISCOVER on ens33 to 255.255.255.255 port 67 interval 9 (xid=0x5536a006)
Oct 22 12:48:21 master1 dhclient[1823]: DHCPDISCOVER on ens33 to 255.255.255.255 port 67 interval 12 (xid=0x5536a006)
Oct 22 12:48:33 master1 dhclient[1823]: DHCPDISCOVER on ens33 to 255.255.255.255 port 67 interval 20 (xid=0x5536a006)
Oct 22 12:48:53 master1 dhclient[1823]: DHCPDISCOVER on ens33 to 255.255.255.255 port 67 interval 21 (xid=0x5536a006)
Oct 22 12:49:17 master1 systemd-networkd[914]: ens33: Lost carrier
Oct 22 12:49:17 master1 systemd-networkd[914]: ens33: DHCP lease lost
Oct 22 12:49:17 master1 kernel: [ 2582.648060] e1000: ens33 NIC Link is Down
Oct 22 12:49:17 master1 systemd-networkd[914]: ens33: DHCPv6 lease lost
Oct 22 12:49:18 master1 dhclient[1847]: DHCPREQUEST for 192.168.189.50 on ens33 to 255.255.255.255 port 67 (xid=0x23de52fd)
Oct 22 12:49:23 master1 kernel: [ 2588.696909] e1000: ens33 NIC Link is Up 1000 Mbps Full Duplex, Flow Control: None
Oct 22 12:49:21 master1 dhclient[1847]: DHCPREQUEST for 192.168.189.50 on ens33 to 255.255.255.255 port 67 (xid=0x23de52fd)
Oct 22 12:49:23 master1 systemd-networkd[914]: ens33: Gained carrier
Oct 22 12:49:23 master1 systemd-timesyncd[657]: Network configuration changed, trying to establish connection.
Oct 22 12:49:29 master1 systemd-networkd[914]: ens33: DHCPv4 address 192.168.189.128/24 via 192.168.189.2
Oct 22 12:49:29 master1 systemd-timesyncd[657]: Network configuration changed, trying to establish connection.
Oct 22 12:49:32 master1 dhclient[1867]: DHCPREQUEST for 192.168.189.50 on ens33 to 255.255.255.255 port 67 (xid=0x3b2df8b2)
Oct 22 12:49:32 master1 systemd-timesyncd[657]: Initial synchronization to time server 185.125.190.56:123 (ntp.ubuntu.com).
Oct 22 12:49:36 master1 dhclient[1867]: DHCPREQUEST for 192.168.189.50 on ens33 to 255.255.255.255 port 67 (xid=0x3b2df8b2)
Oct 22 12:49:41 master1 dhclient[1867]: DHCPREQUEST for 192.168.189.50 on ens33 to 255.255.255.255 port 67 (xid=0x3b2df8b2)
Oct 22 12:49:51 master1 dhclient[1867]: DHCPDISCOVER on ens33 to 255.255.255.255 port 67 interval 3 (xid=0x9d7c9f0d)
Oct 22 12:49:51 master1 dhclient[1867]: DHCPOFFER of 192.168.189.128 from 192.168.189.254
Oct 22 12:49:51 master1 dhclient[1867]: DHCPREQUEST for 192.168.189.128 on ens33 to 255.255.255.255 port 67 (xid=0xd9f7c9d)
Oct 22 12:49:51 master1 dhclient[1867]: DHCPACK of 192.168.189.128 from 192.168.189.254 (xid=0x9d7c9f0d)
Oct 22 12:49:51 master1 dhclient[1867]: bound to 192.168.189.128 -- renewal in 786 seconds.
Oct 22 12:54:11 master1 dhclient[1922]: DHCPREQUEST for 192.168.189.128 on ens33 to 255.255.255.255 port 67 (xid=0x54f25180)
Oct 22 12:54:11 master1 dhclient[1922]: DHCPACK of 192.168.189.128 from 192.168.189.254 (xid=0x8051f254)
Oct 22 12:54:11 master1 dhclient[1922]: bound to 192.168.189.128 -- renewal in 812 seconds.
Oct 22 12:54:58 master1 systemd-networkd[914]: ens33: Lost carrier
Oct 22 12:54:58 master1 systemd-networkd[914]: ens33: DHCP lease lost
Oct 22 12:54:58 master1 kernel: [ 2923.365872] e1000: ens33 NIC Link is Down
Oct 22 12:54:58 master1 systemd-networkd[914]: ens33: DHCPv6 lease lost
Oct 22 12:54:58 master1 systemd-timesyncd[657]: No network connectivity, watching for changes.
Oct 22 12:55:02 master1 dhclient[1977]: DHCPREQUEST for 192.168.189.128 on ens33 to 255.255.255.255 port 67 (xid=0x53ef6fc4)
Oct 22 12:55:04 master1 kernel: [ 2929.415577] e1000: ens33 NIC Link is Up 1000 Mbps Full Duplex, Flow Control: None
Oct 22 12:55:04 master1 systemd-networkd[914]: ens33: Gained carrier
Oct 22 12:55:04 master1 systemd-timesyncd[657]: Network configuration changed, trying to establish connection.
Oct 22 12:55:04 master1 systemd-networkd[914]: ens33: DHCPv4 address 192.168.189.128/24 via 192.168.189.43
Oct 22 12:55:04 master1 systemd-timesyncd[657]: Network configuration changed, trying to establish connection.
Oct 22 12:55:04 master1 dbus-daemon[949]: [system] Activating via systemd: service name='org.freedesktop.hostname1' unit='dbus-org.freedesktop.hostname1.service' requested by ':1.2' (uid=101 pid=914 comm="/lib/systemd/systemd-networkd " label="unconfined")
Oct 22 12:55:04 master1 systemd[1]: Starting Hostname Service...
Oct 22 12:55:04 master1 dbus-daemon[949]: [system] Successfully activated service 'org.freedesktop.hostname1'
Oct 22 12:55:04 master1 systemd[1]: Started Hostname Service.
Oct 22 12:55:04 master1 systemd-hostnamed[1995]: Hostname set to <master1> (static)
Oct 22 12:55:04 master1 systemd-timesyncd[657]: Initial synchronization to time server 185.125.190.57:123 (ntp.ubuntu.com).
Oct 22 12:55:05 master1 dhclient[1977]: DHCPREQUEST for 192.168.189.128 on ens33 to 255.255.255.255 port 67 (xid=0x53ef6fc4)
Oct 22 12:55:05 master1 dhclient[1977]: DHCPNAK from 192.168.189.43 (xid=0xc46fef53)
Oct 22 12:55:05 master1 dhclient[1977]: DHCPDISCOVER on ens33 to 255.255.255.255 port 67 interval 3 (xid=0x54e97e3c)
Oct 22 12:55:05 master1 dhclient[1977]: DHCPOFFER of 192.168.189.160 from 192.168.189.43
Oct 22 12:55:05 master1 dhclient[1977]: DHCPREQUEST for 192.168.189.160 on ens33 to 255.255.255.255 port 67 (xid=0x3c7ee954)
Oct 22 12:55:05 master1 dhclient[1977]: DHCPACK of 192.168.189.160 from 192.168.189.43 (xid=0x54e97e3c)
Oct 22 12:55:05 master1 dhclient[1977]: bound to 192.168.189.160 -- renewal in 1374 seconds.
Oct 22 12:55:34 master1 systemd[1]: systemd-hostnamed.service: Deactivated successfully.
Oct 22 12:55:37 master1 dhclient[1772]: DHCPREQUEST for 192.168.189.50 on ens33 to 192.168.189.100 port 67 (xid=0x78ee6ce)
Oct 22 12:56:32 master1 kernel: [ 3017.372935] perf: interrupt took too long (3056 > 2500), lowering kernel.perf_event_max_sample_rate to 65250
Oct 22 13:02:55 master1 dhclient[1772]: message repeated 30 times: [ DHCPREQUEST for 192.168.189.50 on ens33 to 192.168.189.100 port 67 (xid=0x78ee6ce)]
Oct 22 13:02:57 master1 dhclient[1867]: DHCPREQUEST for 192.168.189.128 on ens33 to 192.168.189.254 port 67 (xid=0xd9f7c9d)
Oct 22 13:03:05 master1 dhclient[1867]: message repeated 2 times: [ DHCPREQUEST for 192.168.189.128 on ens33 to 192.168.189.254 port 67 (xid=0xd9f7c9d)]
Oct 22 13:03:08 master1 dhclient[1772]: DHCPREQUEST for 192.168.189.50 on ens33 to 192.168.189.100 port 67 (xid=0x78ee6ce)
Oct 22 13:03:19 master1 dhclient[1867]: DHCPREQUEST for 192.168.189.128 on ens33 to 192.168.189.254 port 67 (xid=0xd9f7c9d)
Oct 22 13:03:22 master1 dhclient[1772]: DHCPREQUEST for 192.168.189.50 on ens33 to 192.168.189.100 port 67 (xid=0x78ee6ce)
Oct 22 13:03:29 master1 dhclient[1867]: DHCPREQUEST for 192.168.189.128 on ens33 to 192.168.189.254 port 67 (xid=0xd9f7c9d)
Oct 22 13:03:37 master1 dhclient[1772]: DHCPREQUEST for 192.168.189.50 on ens33 to 192.168.189.100 port 67 (xid=0x78ee6ce)
Oct 22 13:03:43 master1 dhclient[1867]: DHCPREQUEST for 192.168.189.128 on ens33 to 192.168.189.254 port 67 (xid=0xd9f7c9d)
Oct 22 13:03:47 master1 dhclient[1772]: DHCPREQUEST for 192.168.189.50 on ens33 to 192.168.189.100 port 67 (xid=0x78ee6ce)
Oct 22 13:03:55 master1 dhclient[1867]: DHCPREQUEST for 192.168.189.128 on ens33 to 192.168.189.254 port 67 (xid=0xd9f7c9d)
Oct 22 13:04:02 master1 dhclient[1772]: DHCPREQUEST for 192.168.189.50 on ens33 to 192.168.189.100 port 67 (xid=0x78ee6ce)
Oct 22 13:04:09 master1 dhclient[1867]: DHCPREQUEST for 192.168.189.128 on ens33 to 192.168.189.254 port 67 (xid=0xd9f7c9d)
Oct 22 13:04:11 master1 dhclient[1772]: DHCPREQUEST for 192.168.189.50 on ens33 to 192.168.189.100 port 67 (xid=0x78ee6ce)
Oct 22 13:04:20 master1 dhclient[1867]: DHCPREQUEST for 192.168.189.128 on ens33 to 192.168.189.254 port 67 (xid=0xd9f7c9d)
Oct 22 13:04:22 master1 dhclient[1772]: DHCPREQUEST for 192.168.189.50 on ens33 to 192.168.189.100 port 67 (xid=0x78ee6ce)
Oct 22 13:04:40 master1 dhclient[1772]: DHCPREQUEST for 192.168.189.50 on ens33 to 192.168.189.100 port 67 (xid=0x78ee6ce)
Oct 22 13:04:41 master1 dhclient[1867]: DHCPREQUEST for 192.168.189.128 on ens33 to 192.168.189.254 port 67 (xid=0xd9f7c9d)
Oct 22 13:04:49 master1 dhclient[1772]: DHCPREQUEST for 192.168.189.50 on ens33 to 192.168.189.100 port 67 (xid=0x78ee6ce)
Oct 22 13:04:56 master1 dhclient[1867]: DHCPREQUEST for 192.168.189.128 on ens33 to 192.168.189.254 port 67 (xid=0xd9f7c9d)
Oct 22 13:04:56 master1 dhclient[1772]: DHCPREQUEST for 192.168.189.50 on ens33 to 192.168.189.100 port 67 (xid=0x78ee6ce)
Oct 22 13:05:16 master1 dhclient[1772]: message repeated 2 times: [ DHCPREQUEST for 192.168.189.50 on ens33 to 192.168.189.100 port 67 (xid=0x78ee6ce)]
Oct 22 13:05:16 master1 dhclient[1867]: DHCPREQUEST for 192.168.189.128 on ens33 to 192.168.189.254 port 67 (xid=0xd9f7c9d)
Oct 22 13:05:26 master1 dhclient[1772]: DHCPREQUEST for 192.168.189.50 on ens33 to 192.168.189.100 port 67 (xid=0x78ee6ce)
Oct 22 13:05:28 master1 dhclient[1867]: DHCPREQUEST for 192.168.189.128 on ens33 to 192.168.189.254 port 67 (xid=0xd9f7c9d)
Oct 22 13:05:36 master1 dhclient[1772]: DHCPREQUEST for 192.168.189.50 on ens33 to 192.168.189.100 port 67 (xid=0x78ee6ce)
Oct 22 13:05:36 master1 dhclient[1867]: DHCPREQUEST for 192.168.189.128 on ens33 to 192.168.189.254 port 67 (xid=0xd9f7c9d)
Oct 22 13:05:52 master1 dhclient[1772]: DHCPREQUEST for 192.168.189.50 on ens33 to 192.168.189.100 port 67 (xid=0x78ee6ce)
Oct 22 13:05:53 master1 dhclient[1867]: DHCPREQUEST for 192.168.189.128 on ens33 to 192.168.189.254 port 67 (xid=0xd9f7c9d)
Oct 22 13:06:05 master1 dhclient[1772]: DHCPREQUEST for 192.168.189.50 on ens33 to 192.168.189.100 port 67 (xid=0x78ee6ce)
Oct 22 13:06:12 master1 dhclient[1867]: DHCPREQUEST for 192.168.189.128 on ens33 to 192.168.189.254 port 67 (xid=0xd9f7c9d)
Oct 22 13:06:19 master1 dhclient[1867]: DHCPREQUEST for 192.168.189.128 on ens33 to 192.168.189.254 port 67 (xid=0xd9f7c9d)
Oct 22 13:06:22 master1 dhclient[1772]: DHCPREQUEST for 192.168.189.50 on ens33 to 192.168.189.100 port 67 (xid=0x78ee6ce)
Oct 22 13:06:33 master1 dhclient[1867]: DHCPREQUEST for 192.168.189.128 on ens33 to 192.168.189.254 port 67 (xid=0xd9f7c9d)
Oct 22 13:06:38 master1 dhclient[1772]: DHCPREQUEST for 192.168.189.50 on ens33 to 192.168.189.100 port 67 (xid=0x78ee6ce)
Oct 22 13:06:48 master1 dhclient[1772]: DHCPREQUEST for 192.168.189.50 on ens33 to 192.168.189.100 port 67 (xid=0x78ee6ce)
Oct 22 13:06:49 master1 dhclient[1867]: DHCPREQUEST for 192.168.189.128 on ens33 to 192.168.189.254 port 67 (xid=0xd9f7c9d)
Oct 22 13:06:59 master1 dhclient[1772]: DHCPREQUEST for 192.168.189.50 on ens33 to 192.168.189.100 port 67 (xid=0x78ee6ce)
Oct 22 13:07:02 master1 dhclient[1867]: DHCPREQUEST for 192.168.189.128 on ens33 to 192.168.189.254 port 67 (xid=0xd9f7c9d)
Oct 22 13:07:09 master1 dhclient[1867]: DHCPREQUEST for 192.168.189.128 on ens33 to 192.168.189.254 port 67 (xid=0xd9f7c9d)
Oct 22 13:07:16 master1 dhclient[1772]: DHCPREQUEST for 192.168.189.50 on ens33 to 192.168.189.100 port 67 (xid=0x78ee6ce)
Oct 22 13:07:21 master1 dhclient[1867]: DHCPREQUEST for 192.168.189.128 on ens33 to 192.168.189.254 port 67 (xid=0xd9f7c9d)
Oct 22 13:07:23 master1 dhclient[1772]: DHCPREQUEST for 192.168.189.50 on ens33 to 192.168.189.100 port 67 (xid=0x78ee6ce)
Oct 22 13:07:28 master1 dhclient[1867]: DHCPREQUEST for 192.168.189.128 on ens33 to 192.168.189.254 port 67 (xid=0xd9f7c9d)
Oct 22 13:07:36 master1 dhclient[1867]: DHCPREQUEST for 192.168.189.128 on ens33 to 192.168.189.254 port 67 (xid=0xd9f7c9d)
Oct 22 13:07:38 master1 dhclient[1772]: DHCPREQUEST for 192.168.189.50 on ens33 to 192.168.189.100 port 67 (xid=0x78ee6ce)
Oct 22 13:07:43 master1 dhclient[1922]: DHCPREQUEST for 192.168.189.128 on ens33 to 192.168.189.254 port 67 (xid=0x54f25180)
Oct 22 13:07:49 master1 dhclient[1922]: message repeated 2 times: [ DHCPREQUEST for 192.168.189.128 on ens33 to 192.168.189.254 port 67 (xid=0x54f25180)]
Oct 22 13:07:50 master1 dhclient[1772]: DHCPREQUEST for 192.168.189.50 on ens33 to 192.168.189.100 port 67 (xid=0x78ee6ce)
Oct 22 13:07:50 master1 dhclient[1867]: DHCPREQUEST for 192.168.189.128 on ens33 to 192.168.189.254 port 67 (xid=0xd9f7c9d)
Oct 22 13:07:53 master1 dhclient[1922]: DHCPREQUEST for 192.168.189.128 on ens33 to 192.168.189.254 port 67 (xid=0x54f25180)
Oct 22 13:08:01 master1 dhclient[1922]: DHCPREQUEST for 192.168.189.128 on ens33 to 192.168.189.254 port 67 (xid=0x54f25180)
Oct 22 13:08:05 master1 dhclient[1772]: DHCPREQUEST for 192.168.189.50 on ens33 to 192.168.189.100 port 67 (xid=0x78ee6ce)
Oct 22 13:08:11 master1 dhclient[1867]: DHCPREQUEST for 192.168.189.128 on ens33 to 192.168.189.254 port 67 (xid=0xd9f7c9d)
Oct 22 13:08:12 master1 dhclient[1772]: DHCPREQUEST for 192.168.189.50 on ens33 to 192.168.189.100 port 67 (xid=0x78ee6ce)
Oct 22 13:08:20 master1 dhclient[1772]: DHCPREQUEST for 192.168.189.50 on ens33 to 192.168.189.100 port 67 (xid=0x78ee6ce)
Oct 22 13:08:20 master1 dhclient[1922]: DHCPREQUEST for 192.168.189.128 on ens33 to 192.168.189.254 port 67 (xid=0x54f25180)
Oct 22 13:08:23 master1 dhclient[1867]: DHCPREQUEST for 192.168.189.128 on ens33 to 192.168.189.254 port 67 (xid=0xd9f7c9d)
Oct 22 13:08:35 master1 dhclient[1772]: DHCPREQUEST for 192.168.189.50 on ens33 to 192.168.189.100 port 67 (xid=0x78ee6ce)
Oct 22 13:08:36 master1 dhclient[1922]: DHCPREQUEST for 192.168.189.128 on ens33 to 192.168.189.254 port 67 (xid=0x54f25180)
Oct 22 13:08:39 master1 dhclient[1867]: DHCPREQUEST for 192.168.189.128 on ens33 to 192.168.189.254 port 67 (xid=0xd9f7c9d)
Oct 22 13:08:48 master1 dhclient[1922]: DHCPREQUEST for 192.168.189.128 on ens33 to 192.168.189.254 port 67 (xid=0x54f25180)
Oct 22 13:08:56 master1 dhclient[1772]: DHCPREQUEST for 192.168.189.50 on ens33 to 192.168.189.100 port 67 (xid=0x78ee6ce)
Oct 22 13:08:57 master1 dhclient[1867]: DHCPREQUEST for 192.168.189.128 on ens33 to 192.168.189.254 port 67 (xid=0xd9f7c9d)
Oct 22 13:09:06 master1 dhclient[1922]: DHCPREQUEST for 192.168.189.128 on ens33 to 192.168.189.254 port 67 (xid=0x54f25180)
Oct 22 13:09:09 master1 dhclient[1867]: DHCPREQUEST for 192.168.189.128 on ens33 to 192.168.189.254 port 67 (xid=0xd9f7c9d)
Oct 22 13:09:12 master1 dhclient[1772]: DHCPREQUEST for 192.168.189.50 on ens33 to 255.255.255.255 port 67 (xid=0x78ee6ce)
Oct 22 13:09:12 master1 dhclient[1772]: DHCPNAK from 192.168.189.43 (xid=0xcee68e07)
Oct 22 13:09:12 master1 dhclient[1772]: DHCPDISCOVER on ens33 to 255.255.255.255 port 67 interval 3 (xid=0xeded0402)
Oct 22 13:09:12 master1 dhclient[1772]: DHCPOFFER of 192.168.189.160 from 192.168.189.43
Oct 22 13:09:12 master1 dhclient[1772]: DHCPREQUEST for 192.168.189.160 on ens33 to 255.255.255.255 port 67 (xid=0x204eded)
Oct 22 13:09:12 master1 dhclient[1772]: DHCPACK of 192.168.189.160 from 192.168.189.43 (xid=0xeded0402)
Oct 22 13:09:12 master1 dhclient[1772]: bound to 192.168.189.160 -- renewal in 1395 seconds.
Oct 22 13:09:22 master1 dhclient[1867]: DHCPREQUEST for 192.168.189.128 on ens33 to 192.168.189.254 port 67 (xid=0xd9f7c9d)
Oct 22 13:09:27 master1 dhclient[1922]: DHCPREQUEST for 192.168.189.128 on ens33 to 192.168.189.254 port 67 (xid=0x54f25180)
Oct 22 13:09:30 master1 dhclient[1867]: DHCPREQUEST for 192.168.189.128 on ens33 to 192.168.189.254 port 67 (xid=0xd9f7c9d)
Oct 22 13:09:40 master1 dhclient[1922]: DHCPREQUEST for 192.168.189.128 on ens33 to 192.168.189.254 port 67 (xid=0x54f25180)
Oct 22 13:09:50 master1 dhclient[1867]: DHCPREQUEST for 192.168.189.128 on ens33 to 192.168.189.254 port 67 (xid=0xd9f7c9d)
Oct 22 13:09:50 master1 dhclient[1922]: DHCPREQUEST for 192.168.189.128 on ens33 to 192.168.189.254 port 67 (xid=0x54f25180)
Oct 22 13:10:05 master1 dhclient[1922]: DHCPREQUEST for 192.168.189.128 on ens33 to 192.168.189.254 port 67 (xid=0x54f25180)
Oct 22 13:10:06 master1 dhclient[1867]: DHCPREQUEST for 192.168.189.128 on ens33 to 192.168.189.254 port 67 (xid=0xd9f7c9d)
Oct 22 13:10:12 master1 dhclient[1922]: DHCPREQUEST for 192.168.189.128 on ens33 to 192.168.189.254 port 67 (xid=0x54f25180)
Oct 22 13:10:19 master1 dhclient[1867]: DHCPREQUEST for 192.168.189.128 on ens33 to 192.168.189.254 port 67 (xid=0xd9f7c9d)
Oct 22 13:10:26 master1 dhclient[1922]: DHCPREQUEST for 192.168.189.128 on ens33 to 192.168.189.254 port 67 (xid=0x54f25180)
Oct 22 13:10:39 master1 dhclient[1867]: DHCPREQUEST for 192.168.189.128 on ens33 to 192.168.189.254 port 67 (xid=0xd9f7c9d)
Oct 22 13:10:44 master1 dhclient[1922]: DHCPREQUEST for 192.168.189.128 on ens33 to 192.168.189.254 port 67 (xid=0x54f25180)
Oct 22 13:10:52 master1 dhclient[1867]: DHCPREQUEST for 192.168.189.128 on ens33 to 192.168.189.254 port 67 (xid=0xd9f7c9d)
Oct 22 13:10:58 master1 dhclient[1922]: DHCPREQUEST for 192.168.189.128 on ens33 to 192.168.189.254 port 67 (xid=0x54f25180)
Oct 22 13:11:06 master1 dhclient[1922]: DHCPREQUEST for 192.168.189.128 on ens33 to 192.168.189.254 port 67 (xid=0x54f25180)
Oct 22 13:11:10 master1 dhclient[1867]: DHCPREQUEST for 192.168.189.128 on ens33 to 192.168.189.254 port 67 (xid=0xd9f7c9d)
Oct 22 13:11:17 master1 dhclient[1922]: DHCPREQUEST for 192.168.189.128 on ens33 to 192.168.189.254 port 67 (xid=0x54f25180)
Oct 22 13:11:26 master1 dhclient[1867]: DHCPREQUEST for 192.168.189.128 on ens33 to 192.168.189.254 port 67 (xid=0xd9f7c9d)
Oct 22 13:11:32 master1 dhclient[1922]: DHCPREQUEST for 192.168.189.128 on ens33 to 192.168.189.254 port 67 (xid=0x54f25180)
Oct 22 13:11:35 master1 dhclient[1867]: DHCPREQUEST for 192.168.189.128 on ens33 to 192.168.189.254 port 67 (xid=0xd9f7c9d)
Oct 22 13:11:47 master1 dhclient[1867]: DHCPREQUEST for 192.168.189.128 on ens33 to 192.168.189.254 port 67 (xid=0xd9f7c9d)
Oct 22 13:11:51 master1 dhclient[1922]: DHCPREQUEST for 192.168.189.128 on ens33 to 192.168.189.254 port 67 (xid=0x54f25180)
Oct 22 13:12:06 master1 dhclient[1867]: DHCPREQUEST for 192.168.189.128 on ens33 to 192.168.189.254 port 67 (xid=0xd9f7c9d)
Oct 22 13:12:07 master1 dhclient[1922]: DHCPREQUEST for 192.168.189.128 on ens33 to 192.168.189.254 port 67 (xid=0x54f25180)
Oct 22 13:12:22 master1 dhclient[1922]: DHCPREQUEST for 192.168.189.128 on ens33 to 192.168.189.254 port 67 (xid=0x54f25180)
Oct 22 13:12:24 master1 dhclient[1867]: DHCPREQUEST for 192.168.189.128 on ens33 to 192.168.189.254 port 67 (xid=0xd9f7c9d)
Oct 22 13:12:30 master1 dhclient[1922]: DHCPREQUEST for 192.168.189.128 on ens33 to 192.168.189.254 port 67 (xid=0x54f25180)
Oct 22 13:12:42 master1 dhclient[1867]: DHCPREQUEST for 192.168.189.128 on ens33 to 192.168.189.254 port 67 (xid=0xd9f7c9d)
Oct 22 13:12:43 master1 dhclient[1922]: DHCPREQUEST for 192.168.189.128 on ens33 to 192.168.189.254 port 67 (xid=0x54f25180)
Oct 22 13:12:51 master1 dhclient[1922]: DHCPREQUEST for 192.168.189.128 on ens33 to 192.168.189.254 port 67 (xid=0x54f25180)
Oct 22 13:13:00 master1 dhclient[1867]: DHCPREQUEST for 192.168.189.128 on ens33 to 192.168.189.254 port 67 (xid=0xd9f7c9d)
Oct 22 13:13:01 master1 dhclient[1922]: DHCPREQUEST for 192.168.189.128 on ens33 to 192.168.189.254 port 67 (xid=0x54f25180)
Oct 22 13:13:08 master1 dhclient[1867]: DHCPREQUEST for 192.168.189.128 on ens33 to 192.168.189.254 port 67 (xid=0xd9f7c9d)
Oct 22 13:13:14 master1 dhclient[1922]: DHCPREQUEST for 192.168.189.128 on ens33 to 192.168.189.254 port 67 (xid=0x54f25180)
Oct 22 13:13:22 master1 dhclient[1867]: DHCPREQUEST for 192.168.189.128 on ens33 to 192.168.189.254 port 67 (xid=0xd9f7c9d)
Oct 22 13:13:28 master1 dhclient[1922]: DHCPREQUEST for 192.168.189.128 on ens33 to 192.168.189.254 port 67 (xid=0x54f25180)
Oct 22 13:13:34 master1 dhclient[1867]: DHCPREQUEST for 192.168.189.128 on ens33 to 192.168.189.254 port 67 (xid=0xd9f7c9d)
Oct 22 13:13:45 master1 dhclient[1922]: DHCPREQUEST for 192.168.189.128 on ens33 to 192.168.189.254 port 67 (xid=0x54f25180)
Oct 22 13:13:48 master1 dhclient[1867]: DHCPREQUEST for 192.168.189.128 on ens33 to 192.168.189.254 port 67 (xid=0xd9f7c9d)
Oct 22 13:14:04 master1 dhclient[1867]: message repeated 2 times: [ DHCPREQUEST for 192.168.189.128 on ens33 to 192.168.189.254 port 67 (xid=0xd9f7c9d)]
Oct 22 13:14:06 master1 dhclient[1922]: DHCPREQUEST for 192.168.189.128 on ens33 to 192.168.189.254 port 67 (xid=0x54f25180)
Oct 22 13:14:14 master1 dhclient[1867]: DHCPREQUEST for 192.168.189.128 on ens33 to 192.168.189.254 port 67 (xid=0xd9f7c9d)
Oct 22 13:14:26 master1 dhclient[1922]: DHCPREQUEST for 192.168.189.128 on ens33 to 192.168.189.254 port 67 (xid=0x54f25180)
Oct 22 13:14:28 master1 dhclient[1867]: DHCPREQUEST for 192.168.189.128 on ens33 to 192.168.189.254 port 67 (xid=0xd9f7c9d)
Oct 22 13:14:43 master1 dhclient[1922]: DHCPREQUEST for 192.168.189.128 on ens33 to 192.168.189.254 port 67 (xid=0x54f25180)
Oct 22 13:14:43 master1 dhclient[1867]: DHCPREQUEST for 192.168.189.128 on ens33 to 192.168.189.254 port 67 (xid=0xd9f7c9d)
Oct 22 13:15:00 master1 dhclient[1867]: DHCPREQUEST for 192.168.189.128 on ens33 to 192.168.189.254 port 67 (xid=0xd9f7c9d)
Oct 22 13:15:03 master1 dhclient[1922]: DHCPREQUEST for 192.168.189.128 on ens33 to 192.168.189.254 port 67 (xid=0x54f25180)
Oct 22 13:15:10 master1 dhclient[1867]: DHCPREQUEST for 192.168.189.128 on ens33 to 192.168.189.254 port 67 (xid=0xd9f7c9d)
Oct 22 13:15:15 master1 dhclient[1922]: DHCPREQUEST for 192.168.189.128 on ens33 to 192.168.189.254 port 67 (xid=0x54f25180)
Oct 22 13:15:21 master1 dhclient[1867]: DHCPREQUEST for 192.168.189.128 on ens33 to 192.168.189.254 port 67 (xid=0xd9f7c9d)
Oct 22 13:15:22 master1 dhclient[1922]: DHCPREQUEST for 192.168.189.128 on ens33 to 192.168.189.254 port 67 (xid=0x54f25180)
Oct 22 13:15:29 master1 dhclient[1922]: DHCPREQUEST for 192.168.189.128 on ens33 to 192.168.189.254 port 67 (xid=0x54f25180)
Oct 22 13:15:31 master1 dhclient[1867]: DHCPREQUEST for 192.168.189.128 on ens33 to 192.168.189.254 port 67 (xid=0xd9f7c9d)
Oct 22 13:15:46 master1 dhclient[1867]: DHCPREQUEST for 192.168.189.128 on ens33 to 192.168.189.254 port 67 (xid=0xd9f7c9d)
Oct 22 13:15:50 master1 dhclient[1922]: DHCPREQUEST for 192.168.189.128 on ens33 to 192.168.189.254 port 67 (xid=0x54f25180)
Oct 22 13:16:01 master1 dhclient[1867]: DHCPREQUEST for 192.168.189.128 on ens33 to 192.168.189.254 port 67 (xid=0xd9f7c9d)
Oct 22 13:16:07 master1 dhclient[1922]: DHCPREQUEST for 192.168.189.128 on ens33 to 192.168.189.254 port 67 (xid=0x54f25180)
Oct 22 13:16:10 master1 dhclient[1867]: DHCPREQUEST for 192.168.189.128 on ens33 to 255.255.255.255 port 67 (xid=0xd9f7c9d)
Oct 22 13:16:10 master1 dhclient[1867]: DHCPNAK from 192.168.189.43 (xid=0x9d7c9f0d)
Oct 22 13:16:10 master1 dhclient[1867]: DHCPDISCOVER on ens33 to 255.255.255.255 port 67 interval 3 (xid=0x1d0f8822)
Oct 22 13:16:10 master1 dhclient[1867]: DHCPOFFER of 192.168.189.160 from 192.168.189.43
Oct 22 13:16:10 master1 dhclient[1867]: DHCPREQUEST for 192.168.189.160 on ens33 to 255.255.255.255 port 67 (xid=0x22880f1d)
Oct 22 13:16:10 master1 dhclient[1867]: DHCPACK of 192.168.189.160 from 192.168.189.43 (xid=0x1d0f8822)
Oct 22 13:16:10 master1 dhclient[1867]: bound to 192.168.189.160 -- renewal in 1402 seconds.
Oct 22 13:16:16 master1 dhclient[1922]: DHCPREQUEST for 192.168.189.128 on ens33 to 192.168.189.254 port 67 (xid=0x54f25180)
Oct 22 13:16:51 master1 dhclient[1922]: message repeated 3 times: [ DHCPREQUEST for 192.168.189.128 on ens33 to 192.168.189.254 port 67 (xid=0x54f25180)]
Oct 22 13:17:01 master1 CRON[2204]: (root) CMD (   cd / && run-parts --report /etc/cron.hourly)
Oct 22 13:17:02 master1 dhclient[1922]: DHCPREQUEST for 192.168.189.128 on ens33 to 192.168.189.254 port 67 (xid=0x54f25180)
Oct 22 13:17:34 master1 kernel: [ 4280.078164] perf: interrupt took too long (4021 > 3820), lowering kernel.perf_event_max_sample_rate to 49500
Oct 22 13:17:41 master1 dhclient[1922]: message repeated 3 times: [ DHCPREQUEST for 192.168.189.128 on ens33 to 192.168.189.254 port 67 (xid=0x54f25180)]
Oct 22 13:17:59 master1 dhclient[1977]: DHCPREQUEST for 192.168.189.160 on ens33 to 192.168.189.43 port 67 (xid=0x3c7ee954)
Oct 22 13:18:00 master1 dhclient[1922]: DHCPREQUEST for 192.168.189.128 on ens33 to 192.168.189.254 port 67 (xid=0x54f25180)
Oct 22 13:18:02 master1 dhclient[1977]: DHCPREQUEST for 192.168.189.160 on ens33 to 192.168.189.43 port 67 (xid=0x3c7ee954)
Oct 22 13:18:09 master1 dhclient[1977]: message repeated 2 times: [ DHCPREQUEST for 192.168.189.160 on ens33 to 192.168.189.43 port 67 (xid=0x3c7ee954)]
Oct 22 13:18:12 master1 dhclient[1922]: DHCPREQUEST for 192.168.189.128 on ens33 to 192.168.189.254 port 67 (xid=0x54f25180)
Oct 22 13:18:16 master1 dhclient[1977]: DHCPREQUEST for 192.168.189.160 on ens33 to 192.168.189.43 port 67 (xid=0x3c7ee954)
Oct 22 13:18:22 master1 dhclient[1922]: DHCPREQUEST for 192.168.189.128 on ens33 to 192.168.189.254 port 67 (xid=0x54f25180)
Oct 22 13:18:27 master1 dhclient[1977]: DHCPREQUEST for 192.168.189.160 on ens33 to 192.168.189.43 port 67 (xid=0x3c7ee954)
Oct 22 13:18:34 master1 dhclient[1922]: DHCPREQUEST for 192.168.189.128 on ens33 to 192.168.189.254 port 67 (xid=0x54f25180)
Oct 22 13:18:48 master1 dhclient[1977]: DHCPREQUEST for 192.168.189.160 on ens33 to 192.168.189.43 port 67 (xid=0x3c7ee954)
Oct 22 13:18:52 master1 dhclient[1922]: DHCPREQUEST for 192.168.189.128 on ens33 to 192.168.189.254 port 67 (xid=0x54f25180)
Oct 22 13:19:05 master1 dhclient[1922]: DHCPREQUEST for 192.168.189.128 on ens33 to 192.168.189.254 port 67 (xid=0x54f25180)
Oct 22 13:19:08 master1 dhclient[1977]: DHCPREQUEST for 192.168.189.160 on ens33 to 192.168.189.43 port 67 (xid=0x3c7ee954)
Oct 22 13:19:25 master1 dhclient[1922]: DHCPREQUEST for 192.168.189.128 on ens33 to 192.168.189.254 port 67 (xid=0x54f25180)
Oct 22 13:19:28 master1 dhclient[1977]: DHCPREQUEST for 192.168.189.160 on ens33 to 192.168.189.43 port 67 (xid=0x3c7ee954)
Oct 22 13:19:34 master1 dhclient[1922]: DHCPREQUEST for 192.168.189.128 on ens33 to 192.168.189.254 port 67 (xid=0x54f25180)
Oct 22 13:19:46 master1 dhclient[1977]: DHCPREQUEST for 192.168.189.160 on ens33 to 192.168.189.43 port 67 (xid=0x3c7ee954)
Oct 22 13:19:49 master1 dhclient[1922]: DHCPREQUEST for 192.168.189.128 on ens33 to 192.168.189.254 port 67 (xid=0x54f25180)
Oct 22 13:19:58 master1 dhclient[1977]: DHCPREQUEST for 192.168.189.160 on ens33 to 192.168.189.43 port 67 (xid=0x3c7ee954)
Oct 22 13:20:05 master1 dhclient[1922]: DHCPREQUEST for 192.168.189.128 on ens33 to 192.168.189.254 port 67 (xid=0x54f25180)
Oct 22 13:20:13 master1 dhclient[1977]: DHCPREQUEST for 192.168.189.160 on ens33 to 192.168.189.43 port 67 (xid=0x3c7ee954)
Oct 22 13:20:20 master1 dhclient[1977]: DHCPREQUEST for 192.168.189.160 on ens33 to 192.168.189.43 port 67 (xid=0x3c7ee954)
Oct 22 13:20:23 master1 dhclient[1922]: DHCPREQUEST for 192.168.189.128 on ens33 to 192.168.189.254 port 67 (xid=0x54f25180)
Oct 22 13:20:31 master1 dhclient[1977]: DHCPREQUEST for 192.168.189.160 on ens33 to 192.168.189.43 port 67 (xid=0x3c7ee954)
Oct 22 13:20:36 master1 dhclient[1922]: DHCPREQUEST for 192.168.189.128 on ens33 to 255.255.255.255 port 67 (xid=0x54f25180)
Oct 22 13:20:36 master1 dhclient[1922]: DHCPNAK from 192.168.189.43 (xid=0x8051f254)
Oct 22 13:20:36 master1 dhclient[1922]: DHCPDISCOVER on ens33 to 255.255.255.255 port 67 interval 3 (xid=0x94d05c63)
Oct 22 13:20:36 master1 dhclient[1922]: DHCPOFFER of 192.168.189.160 from 192.168.189.43
Oct 22 13:20:36 master1 dhclient[1922]: DHCPREQUEST for 192.168.189.160 on ens33 to 255.255.255.255 port 67 (xid=0x635cd094)
Oct 22 13:20:36 master1 dhclient[1922]: DHCPACK of 192.168.189.160 from 192.168.189.43 (xid=0x94d05c63)
Oct 22 13:20:36 master1 dhclient[1922]: bound to 192.168.189.160 -- renewal in 1357 seconds.
Oct 22 13:20:50 master1 dhclient[1977]: DHCPREQUEST for 192.168.189.160 on ens33 to 192.168.189.43 port 67 (xid=0x3c7ee954)
Oct 22 13:23:38 master1 dhclient[1977]: message repeated 12 times: [ DHCPREQUEST for 192.168.189.160 on ens33 to 192.168.189.43 port 67 (xid=0x3c7ee954)]
Oct 22 13:23:41 master1 systemd[1]: Stopping Session 1 of User donny...
Oct 22 13:23:41 master1 systemd[1]: Removed slice Slice /system/modprobe.
Oct 22 13:23:41 master1 systemd[1]: Stopped target Cloud-init target.
Oct 22 13:23:41 master1 systemd[1]: Stopped target Graphical Interface.
Oct 22 13:23:41 master1 systemd[1]: Stopped target Host and Network Name Lookups.
Oct 22 13:23:41 master1 systemd[1]: Stopped target Sound Card.
Oct 22 13:23:41 master1 systemd[1]: Stopped target Timer Units.
Oct 22 13:23:41 master1 systemd[1]: apt-daily-upgrade.timer: Deactivated successfully.
Oct 22 13:23:41 master1 systemd[1]: Stopped Daily apt upgrade and clean activities.
Oct 22 13:23:41 master1 systemd[1]: apt-daily.timer: Deactivated successfully.
Oct 22 13:23:41 master1 systemd[1]: Stopped Daily apt download activities.
Oct 22 13:23:41 master1 systemd[1]: dpkg-db-backup.timer: Deactivated successfully.
Oct 22 13:23:41 master1 systemd[1]: Stopped Daily dpkg database backup timer.
Oct 22 13:23:41 master1 systemd[1]: e2scrub_all.timer: Deactivated successfully.
Oct 22 13:23:41 master1 systemd[1]: Stopped Periodic ext4 Online Metadata Check for All Filesystems.
Oct 22 13:23:41 master1 systemd[1]: fstrim.timer: Deactivated successfully.
Oct 22 13:23:41 master1 systemd[1]: Stopped Discard unused blocks once a week.
Oct 22 13:23:41 master1 systemd[1]: fwupd-refresh.timer: Deactivated successfully.
Oct 22 13:23:41 master1 systemd[1]: Stopped Refresh fwupd metadata regularly.
Oct 22 13:23:41 master1 systemd[1]: logrotate.timer: Deactivated successfully.
Oct 22 13:23:41 master1 systemd[1]: Stopped Daily rotation of log files.
Oct 22 13:23:41 master1 systemd[1]: man-db.timer: Deactivated successfully.
Oct 22 13:23:41 master1 systemd[1]: Stopped Daily man-db regeneration.
Oct 22 13:23:41 master1 systemd[1]: motd-news.timer: Deactivated successfully.
Oct 22 13:23:41 master1 systemd[1]: Stopped Message of the Day.
Oct 22 13:23:41 master1 systemd[1]: systemd-tmpfiles-clean.timer: Deactivated successfully.
Oct 22 13:23:41 master1 systemd[1]: Stopped Daily Cleanup of Temporary Directories.
Oct 22 13:23:41 master1 systemd[1]: ua-timer.timer: Deactivated successfully.
Oct 22 13:23:41 master1 systemd[1]: Stopped Ubuntu Advantage Timer for running repeated jobs.
Oct 22 13:23:41 master1 systemd[1]: update-notifier-download.timer: Deactivated successfully.
Oct 22 13:23:41 master1 systemd[1]: Stopped Download data for packages that failed at package install time.
Oct 22 13:23:41 master1 systemd[1]: update-notifier-motd.timer: Deactivated successfully.
Oct 22 13:23:41 master1 systemd[1]: Stopped Check to see whether there is a new version of Ubuntu available.
Oct 22 13:23:41 master1 systemd[1]: Stopped target System Time Set.
Oct 22 13:23:41 master1 systemd[1]: lvm2-lvmpolld.socket: Deactivated successfully.
Oct 22 13:23:41 master1 systemd[1]: Closed LVM2 poll daemon socket.
Oct 22 13:23:41 master1 systemd[1]: systemd-rfkill.socket: Deactivated successfully.
Oct 22 13:23:41 master1 systemd[1]: Closed Load/Save RF Kill Switch Status /dev/rfkill Watch.
Oct 22 13:23:41 master1 systemd[1]: Stopping Availability of block devices...
Oct 22 13:23:41 master1 systemd[1]: cloud-final.service: Deactivated successfully.
Oct 22 13:23:41 master1 systemd[1]: Stopped Execute cloud user/final scripts.
Oct 22 13:23:41 master1 systemd[1]: Stopped target Multi-User System.
Oct 22 13:23:41 master1 systemd[1]: Stopped target Login Prompts.
Oct 22 13:23:41 master1 systemd[1]: Stopping Modem Manager...
Oct 22 13:23:41 master1 ModemManager[999]: <info>  caught signal, shutting down...
Oct 22 13:23:41 master1 systemd[1]: Stopping LSB: automatic crash report generation...
Oct 22 13:23:41 master1 systemd[1]: cloud-config.service: Deactivated successfully.
Oct 22 13:23:41 master1 systemd[1]: Stopped Apply the settings specified in cloud-config.
